2025-06-07 15:11:47.476 [info] [main] Log level: Info
2025-06-07 15:11:47.476 [info] [main] Validating found git in: "git"
2025-06-07 15:11:47.476 [info] [main] Using git "2.48.1" from "git"
2025-06-07 15:11:47.476 [info] [Model][doInitialScan] Initial repository scan started
2025-06-07 15:11:47.476 [info] [Model][doInitialScan] Initial repository scan completed - repositories (0), closed repositories (0), parent repositories (0), unsafe repositories (0)
2025-06-07 15:12:39.565 [info] [main] Log level: Info
2025-06-07 15:12:39.566 [info] [main] Validating found git in: "git"
2025-06-07 15:12:39.566 [info] [main] Using git "2.48.1" from "git"
2025-06-07 15:12:39.566 [info] [Model][doInitialScan] Initial repository scan started
2025-06-07 15:12:39.566 [info] > git rev-parse --show-toplevel [6ms]
2025-06-07 15:12:39.566 [info] fatal: not a git repository (or any parent up to mount point /)
Stopping at filesystem boundary (GIT_DISCOVERY_ACROSS_FILESYSTEM not set).
2025-06-07 15:12:39.566 [info] > git rev-parse --show-toplevel [21ms]
2025-06-07 15:12:39.566 [info] fatal: not a git repository (or any parent up to mount point /)
Stopping at filesystem boundary (GIT_DISCOVERY_ACROSS_FILESYSTEM not set).
2025-06-07 15:12:39.599 [info] > git rev-parse --show-toplevel [2ms]
2025-06-07 15:12:39.599 [info] fatal: not a git repository (or any parent up to mount point /)
Stopping at filesystem boundary (GIT_DISCOVERY_ACROSS_FILESYSTEM not set).
2025-06-07 15:12:39.602 [info] [Model][doInitialScan] Initial repository scan completed - repositories (0), closed repositories (0), parent repositories (0), unsafe repositories (0)
2025-06-07 15:12:39.615 [info] > git rev-parse --show-toplevel [2ms]
2025-06-07 15:12:39.615 [info] fatal: not a git repository (or any parent up to mount point /)
Stopping at filesystem boundary (GIT_DISCOVERY_ACROSS_FILESYSTEM not set).
2025-06-07 15:12:39.622 [info] > git rev-parse --show-toplevel [1ms]
2025-06-07 15:12:39.622 [info] fatal: not a git repository (or any parent up to mount point /)
Stopping at filesystem boundary (GIT_DISCOVERY_ACROSS_FILESYSTEM not set).
2025-06-07 15:12:40.675 [info] > git rev-parse --show-toplevel [1ms]
2025-06-07 15:12:40.675 [info] fatal: not a git repository (or any parent up to mount point /)
Stopping at filesystem boundary (GIT_DISCOVERY_ACROSS_FILESYSTEM not set).
2025-06-07 15:12:41.261 [info] > git rev-parse --show-toplevel [1ms]
2025-06-07 15:12:41.261 [info] fatal: not a git repository (or any parent up to mount point /)
Stopping at filesystem boundary (GIT_DISCOVERY_ACROSS_FILESYSTEM not set).
2025-06-07 15:12:42.319 [info] > git rev-parse --show-toplevel [1ms]
2025-06-07 15:12:42.320 [info] fatal: not a git repository (or any parent up to mount point /)
Stopping at filesystem boundary (GIT_DISCOVERY_ACROSS_FILESYSTEM not set).
2025-06-07 15:24:09.205 [info] > git rev-parse --show-toplevel [1ms]
2025-06-07 15:24:09.205 [info] fatal: not a git repository (or any parent up to mount point /)
Stopping at filesystem boundary (GIT_DISCOVERY_ACROSS_FILESYSTEM not set).
2025-06-07 15:24:09.987 [info] > git rev-parse --show-toplevel [1ms]
2025-06-07 15:24:09.987 [info] fatal: not a git repository (or any parent up to mount point /)
Stopping at filesystem boundary (GIT_DISCOVERY_ACROSS_FILESYSTEM not set).
