2025-06-07 14:04:20.234 [info] update#setState idle
2025-06-07 14:04:21.784 [error] #1: https://update.code.visualstudio.com/api/update/linux-x64/stable/ddc367ed5c8936efe395cffeec279b04ffd7db78 - error undefined net::ERR_INTERNET_DISCONNECTED
2025-06-07 14:04:21.785 [error] update#isLatestVersion(): failed to check for updates
2025-06-07 14:04:21.785 [error] Error: net::ERR_INTERNET_DISCONNECTED
    at SimpleURLLoaderWrapper.<anonymous> (node:electron/js2c/browser_init:2:118774)
    at SimpleURLLoaderWrapper.emit (node:events:518:28)
2025-06-07 14:04:23.664 [error] #2: https://update.code.visualstudio.com/api/update/linux-x64/stable/ddc367ed5c8936efe395cffeec279b04ffd7db78 - error undefined net::ERR_INTERNET_DISCONNECTED
2025-06-07 14:04:23.665 [error] update#isLatestVersion(): failed to check for updates
2025-06-07 14:04:23.665 [error] Error: net::ERR_INTERNET_DISCONNECTED
    at SimpleURLLoaderWrapper.<anonymous> (node:electron/js2c/browser_init:2:118774)
    at SimpleURLLoaderWrapper.emit (node:events:518:28)
2025-06-07 14:04:50.222 [info] update#setState checking for updates
2025-06-07 14:04:50.234 [error] #3: https://update.code.visualstudio.com/api/update/linux-x64/stable/ddc367ed5c8936efe395cffeec279b04ffd7db78 - error undefined net::ERR_INTERNET_DISCONNECTED
2025-06-07 14:04:50.235 [error] Error: net::ERR_INTERNET_DISCONNECTED
    at SimpleURLLoaderWrapper.<anonymous> (node:electron/js2c/browser_init:2:118774)
    at SimpleURLLoaderWrapper.emit (node:events:518:28)
2025-06-07 14:04:50.235 [info] update#setState idle
2025-06-07 15:04:51.201 [info] update#setState checking for updates
2025-06-07 15:04:52.240 [info] update#setState available for download
2025-06-07 15:12:38.205 [info] Extension host with pid 43770 exited with code: 0, signal: unknown.
2025-06-07 15:12:38.213 [error] [UtilityProcess id: 2, type: fileWatcher, pid: 43760]: crashed with code 15 and reason 'killed'
