2025-07-12 11:45:32.542 [info] (Client) Pylance async client (2025.4.1) started with python extension (2025.10.0)
2025-07-12 11:45:32.705 [info] [Info  - 11:45:32 AM] (3889) Server root directory: file:///home/sebkyle/.vscode/extensions/ms-python.vscode-pylance-2025.4.1/dist
2025-07-12 11:45:32.705 [info] [Info  - 11:45:32 AM] (3889) Pylance language server 2025.4.1 (pyright version 1.1.398, commit 4f24eccc) starting
2025-07-12 11:45:32.706 [info] [Info  - 11:45:32 AM] (3889) Starting service instance "drill" for workspace "/home/sebkyle/drill"
2025-07-12 11:45:32.753 [info] [Info  - 11:45:32 AM] (3889) Setting environmentName for service "drill": "3.13.2 (global)"
2025-07-12 11:45:32.753 [info] [Info  - 11:45:32 AM] (3889) Setting pythonPath for service "drill": "/bin/python"
2025-07-12 11:45:32.753 [info] [Info  - 11:45:32 AM] (3889) No include entries specified; assuming /home/sebkyle/drill
2025-07-12 11:45:32.754 [info] [Info  - 11:45:32 AM] (3889) Auto-excluding **/node_modules
2025-07-12 11:45:32.754 [info] [Info  - 11:45:32 AM] (3889) Auto-excluding **/__pycache__
2025-07-12 11:45:32.754 [info] [Info  - 11:45:32 AM] (3889) Auto-excluding **/.*
2025-07-12 11:45:32.777 [info] [Info  - 11:45:32 AM] (3889) Assuming Python version 3.13.2.final.0
2025-07-12 11:45:32.860 [info] [Info  - 11:45:32 AM] (3889) Found 2 source files
2025-07-12 11:45:32.884 [info] [Info  - 11:45:32 AM] (3889) Setting environmentName for service "drill": "3.13.2 (global)"
2025-07-12 11:45:32.885 [info] [Info  - 11:45:32 AM] (3889) Setting pythonPath for service "drill": "/bin/python"
2025-07-12 11:45:32.885 [info] [Info  - 11:45:32 AM] (3889) No include entries specified; assuming /home/sebkyle/drill
2025-07-12 11:45:32.885 [info] [Info  - 11:45:32 AM] (3889) Auto-excluding **/node_modules
2025-07-12 11:45:32.885 [info] [Info  - 11:45:32 AM] (3889) Auto-excluding **/__pycache__
2025-07-12 11:45:32.885 [info] [Info  - 11:45:32 AM] (3889) Auto-excluding **/.*
2025-07-12 11:45:32.916 [info] [Info  - 11:45:32 AM] (3889) Assuming Python version 3.13.2.final.0
2025-07-12 11:45:32.969 [info] [Info  - 11:45:32 AM] (3889) Found 2 source files
2025-07-12 11:45:33.627 [info] [Info  - 11:45:33 AM] (3889) BG: Priority queue background worker(2) root directory: file:///home/sebkyle/.vscode/extensions/ms-python.vscode-pylance-2025.4.1/dist
2025-07-12 11:45:33.628 [info] [Info  - 11:45:33 AM] (3889) BG: Priority queue background worker(2) started
2025-07-12 11:45:33.877 [info] [Info  - 11:45:33 AM] (3889) BG: Indexer background runner(3) root directory: file:///home/sebkyle/.vscode/extensions/ms-python.vscode-pylance-2025.4.1/dist (index)
2025-07-12 11:45:33.877 [info] [Info  - 11:45:33 AM] (3889) BG: Indexing(3) started
2025-07-12 11:45:34.441 [info] [Info  - 11:45:34 AM] (3889) BG: scanned(3) 29 files over 1 exec env
2025-07-12 11:45:34.610 [info] [Info  - 11:45:34 AM] (3889) BG: indexed(3) 29 files over 1 exec env
2025-07-12 11:45:34.631 [info] [Info  - 11:45:34 AM] (3889) BG: Indexing finished(3).
