2025-07-12 11:52:32.053 [info] Starting Python Locator /home/sebkyle/.vscode/extensions/ms-python.python-2025.10.0-linux-x64/python-env-tools/bin/pet server
2025-07-12 11:52:32.963 [info] Discovered env: /usr/bin/python
2025-07-12 11:52:32.965 [info] Discovered env: /bin/python
2025-07-12 11:52:32.965 [info] Env ("/sbin/python") in Path resolved as ResolvedPythonEnv { executable: "/sbin/python", prefix: "/usr", version: "3.13.2.final.0", is64_bit: true, symlinks: Some(["/sbin/python"]) } and reported as Some(GlobalPaths)
2025-07-12 11:52:32.965 [info] Discovered env: /sbin/python
2025-07-12 11:52:32.966 [info] Env ("/usr/sbin/python") in Path resolved as ResolvedPythonEnv { executable: "/usr/sbin/python", prefix: "/usr", version: "3.13.2.final.0", is64_bit: true, symlinks: Some(["/usr/sbin/python"]) } and reported as Some(GlobalPaths)
2025-07-12 11:52:32.966 [info] Discovered env: /usr/sbin/python
2025-07-12 11:52:32.967 [info] Env ("/sbin/python3") in Path resolved as ResolvedPythonEnv { executable: "/sbin/python3", prefix: "/usr", version: "3.13.2.final.0", is64_bit: true, symlinks: Some(["/sbin/python3"]) } and reported as Some(GlobalPaths)
2025-07-12 11:52:32.967 [info] Discovered env: /sbin/python3
2025-07-12 11:52:32.968 [info] Resolved Python Environment /bin/python
2025-07-12 11:52:33.026 [info] Env ("/usr/sbin/python3") in Path resolved as ResolvedPythonEnv { executable: "/usr/sbin/python3", prefix: "/usr", version: "3.13.2.final.0", is64_bit: true, symlinks: Some(["/usr/sbin/python3"]) } and reported as Some(GlobalPaths)
2025-07-12 11:52:33.028 [info] Discovered env: /usr/sbin/python3
2025-07-12 11:52:33.029 [info] Env ("/sbin/python3.13") in Path resolved as ResolvedPythonEnv { executable: "/sbin/python3.13", prefix: "/usr", version: "3.13.2.final.0", is64_bit: true, symlinks: Some(["/sbin/python3.13"]) } and reported as Some(GlobalPaths)
2025-07-12 11:52:33.030 [info] Discovered env: /sbin/python3.13
2025-07-12 11:52:33.030 [info] Env ("/usr/sbin/python3.13") in Path resolved as ResolvedPythonEnv { executable: "/usr/sbin/python3.13", prefix: "/usr", version: "3.13.2.final.0", is64_bit: true, symlinks: Some(["/usr/sbin/python3.13"]) } and reported as Some(GlobalPaths)
2025-07-12 11:52:33.030 [info] Discovered env: /usr/sbin/python3.13
2025-07-12 11:52:33.030 [info] Locator Conda took 116.869595ms
2025-07-12 11:52:33.031 [info] Locator Homebrew took 77.171µs
2025-07-12 11:52:33.031 [info] Locator LinuxGlobal took 124.04094ms
2025-07-12 11:52:33.031 [info] Locator PipEnv took 201.446µs
2025-07-12 11:52:33.031 [info] Locator Pixi took 112.665µs
2025-07-12 11:52:33.031 [info] Locator Poetry took 395.518µs
2025-07-12 11:52:33.031 [info] Locator PyEnv took 420.281µs
2025-07-12 11:52:33.031 [info] Locator Venv took 32.677µs
2025-07-12 11:52:33.031 [info] Locator VirtualEnv took 62.615µs
2025-07-12 11:52:33.031 [info] Locator VirtualEnvWrapper took 190.416µs
2025-07-12 11:52:33.031 [info] Locator GlobalVirtualEnvs took 323.221µs
2025-07-12 11:52:33.031 [info] Locator Locators took 125.573492ms
2025-07-12 11:52:33.031 [info] Locator Path took 210.743796ms
2025-07-12 11:52:33.031 [info] Locator Workspaces took 992.994µs
2025-07-12 11:52:33.031 [info] Refresh completed in 210ms
2025-07-12 11:56:40.115 [info] Resolved Python Environment /bin/python
2025-07-12 11:59:40.784 [info] Resolved Python Environment /bin/python
2025-07-12 13:46:47.116 [info] Resolved Python Environment /bin/python
2025-07-12 14:56:31.627 [info] Resolved Python Environment /bin/python
