2025-07-12 11:41:31.594 [info] (Client) Pylance async client (2025.4.1) started with python extension (2025.10.0)
2025-07-12 11:41:32.198 [info] [Info  - 11:41:32 AM] (3262) Server root directory: file:///home/sebkyle/.vscode/extensions/ms-python.vscode-pylance-2025.4.1/dist
2025-07-12 11:41:32.198 [info] [Info  - 11:41:32 AM] (3262) Pylance language server 2025.4.1 (pyright version 1.1.398, commit 4f24eccc) starting
2025-07-12 11:41:32.198 [info] [Info  - 11:41:32 AM] (3262) Starting service instance "drill" for workspace "/home/sebkyle/drill"
2025-07-12 11:41:32.240 [info] [Info  - 11:41:32 AM] (3262) Setting environmentName for service "drill": "3.13.2 (global)"
2025-07-12 11:41:32.241 [info] [Info  - 11:41:32 AM] (3262) Setting pythonPath for service "drill": "/bin/python"
2025-07-12 11:41:32.241 [info] [Info  - 11:41:32 AM] (3262) No include entries specified; assuming /home/sebkyle/drill
2025-07-12 11:41:32.241 [info] [Info  - 11:41:32 AM] (3262) Auto-excluding **/node_modules
2025-07-12 11:41:32.241 [info] [Info  - 11:41:32 AM] (3262) Auto-excluding **/__pycache__
2025-07-12 11:41:32.241 [info] [Info  - 11:41:32 AM] (3262) Auto-excluding **/.*
2025-07-12 11:41:32.265 [info] [Info  - 11:41:32 AM] (3262) Assuming Python version 3.13.2.final.0
2025-07-12 11:41:32.335 [info] [Info  - 11:41:32 AM] (3262) Found 2 source files
2025-07-12 11:41:32.354 [info] [Info  - 11:41:32 AM] (3262) Setting environmentName for service "drill": "3.13.2 (global)"
2025-07-12 11:41:32.354 [info] [Info  - 11:41:32 AM] (3262) Setting pythonPath for service "drill": "/bin/python"
2025-07-12 11:41:32.354 [info] [Info  - 11:41:32 AM] (3262) No include entries specified; assuming /home/sebkyle/drill
2025-07-12 11:41:32.355 [info] [Info  - 11:41:32 AM] (3262) Auto-excluding **/node_modules
2025-07-12 11:41:32.355 [info] [Info  - 11:41:32 AM] (3262) Auto-excluding **/__pycache__
2025-07-12 11:41:32.355 [info] [Info  - 11:41:32 AM] (3262) Auto-excluding **/.*
2025-07-12 11:41:32.383 [info] [Info  - 11:41:32 AM] (3262) Assuming Python version 3.13.2.final.0
2025-07-12 11:41:32.433 [info] [Info  - 11:41:32 AM] (3262) Found 2 source files
2025-07-12 11:41:32.955 [info] [Info  - 11:41:32 AM] (3262) BG: Priority queue background worker(2) root directory: file:///home/sebkyle/.vscode/extensions/ms-python.vscode-pylance-2025.4.1/dist
2025-07-12 11:41:32.956 [info] [Info  - 11:41:32 AM] (3262) BG: Priority queue background worker(2) started
2025-07-12 11:41:33.131 [info] [Info  - 11:41:33 AM] (3262) BG: Indexer background runner(3) root directory: file:///home/sebkyle/.vscode/extensions/ms-python.vscode-pylance-2025.4.1/dist (index)
2025-07-12 11:41:33.131 [info] [Info  - 11:41:33 AM] (3262) BG: Indexing(3) started
2025-07-12 11:41:33.687 [info] [Info  - 11:41:33 AM] (3262) BG: scanned(3) 29 files over 1 exec env
2025-07-12 11:41:34.248 [info] [Info  - 11:41:34 AM] (3262) BG: indexed(3) 29 files over 1 exec env
2025-07-12 11:41:34.264 [info] [Info  - 11:41:34 AM] (3262) BG: Indexing finished(3).
