2025-09-09 09:24:36.528 [info] Extension host with pid 1222 started
2025-09-09 09:24:36.528 [info] Skipping acquiring lock for /home/sebkyle/.config/Code/User/workspaceStorage/49fc8497484352efc73391e8f48efc89.
2025-09-09 09:24:36.783 [info] ExtensionService#_doActivateExtension vscode.github-authentication, startup: false, activationEvent: 'onAuthenticationRequest:github'
2025-09-09 09:24:36.813 [info] ExtensionService#_doActivateExtension ms-python.python, startup: false, activationEvent: 'onWalkthrough:pythonWelcome'
2025-09-09 09:24:37.212 [info] ExtensionService#_doActivateExtension vscode.git-base, startup: true, activationEvent: '*', root cause: vscode.git
2025-09-09 09:24:37.275 [info] ExtensionService#_doActivateExtension vscode.git, startup: true, activationEvent: '*'
2025-09-09 09:24:37.359 [info] ExtensionService#_doActivateExtension vscode.github, startup: true, activationEvent: '*'
2025-09-09 09:24:37.501 [info] Eager extensions activated
2025-09-09 09:24:37.502 [info] ExtensionService#_doActivateExtension ms-python.vscode-pylance, startup: false, activationEvent: 'api', root cause: ms-python.python
2025-09-09 09:24:37.889 [info] ExtensionService#_doActivateExtension vscode.debug-auto-launch, startup: false, activationEvent: 'onStartupFinished'
2025-09-09 09:24:37.893 [info] ExtensionService#_doActivateExtension vscode.merge-conflict, startup: false, activationEvent: 'onStartupFinished'
2025-09-09 09:24:41.866 [info] ExtensionService#_doActivateExtension ms-python.debugpy, startup: false, activationEvent: 'onLanguage:python'
2025-09-09 09:24:41.955 [info] ExtensionService#_doActivateExtension vscode.emmet, startup: false, activationEvent: 'onLanguage'
2025-09-09 09:25:23.372 [info] Extension host terminating: renderer closed the MessagePort
2025-09-09 09:25:23.400 [info] Extension host with pid 1222 exiting with code 0
2025-09-09 09:25:24.446 [info] Extension host with pid 1592 started
2025-09-09 09:25:24.447 [info] Skipping acquiring lock for /home/sebkyle/.config/Code/User/workspaceStorage/c7b425e4fb8124b2f0b7a4ec953f9e57.
2025-09-09 09:25:24.609 [info] ExtensionService#_doActivateExtension vscode.github-authentication, startup: false, activationEvent: 'onAuthenticationRequest:github'
2025-09-09 09:25:24.640 [info] ExtensionService#_doActivateExtension vscode.emmet, startup: false, activationEvent: 'onLanguage'
2025-09-09 09:25:24.770 [info] ExtensionService#_doActivateExtension vscode.git-base, startup: true, activationEvent: '*', root cause: vscode.git
2025-09-09 09:25:24.795 [info] ExtensionService#_doActivateExtension vscode.git, startup: true, activationEvent: '*'
2025-09-09 09:25:24.881 [info] ExtensionService#_doActivateExtension vscode.github, startup: true, activationEvent: '*'
2025-09-09 09:25:24.986 [info] Eager extensions activated
2025-09-09 09:25:25.056 [info] ExtensionService#_doActivateExtension vscode.debug-auto-launch, startup: false, activationEvent: 'onStartupFinished'
2025-09-09 09:25:25.059 [info] ExtensionService#_doActivateExtension vscode.merge-conflict, startup: false, activationEvent: 'onStartupFinished'
2025-09-09 09:25:30.070 [info] ExtensionService#_doActivateExtension vscode.css-language-features, startup: false, activationEvent: 'onLanguage:css'
2025-09-09 09:25:45.280 [info] ExtensionService#_doActivateExtension vscode.configuration-editing, startup: false, activationEvent: 'onLanguage:jsonc'
2025-09-09 09:25:45.291 [info] ExtensionService#_doActivateExtension vscode.json-language-features, startup: false, activationEvent: 'onLanguage:jsonc'
2025-09-09 09:25:45.344 [info] ExtensionService#_doActivateExtension vscode.typescript-language-features, startup: false, activationEvent: 'onLanguage:jsonc'
