2025-07-12 10:32:41.289 [info] [main] Log level: Info
2025-07-12 10:32:41.289 [info] [main] Validating found git in: "git"
2025-07-12 10:32:41.289 [info] [main] Using git "2.48.1" from "git"
2025-07-12 10:32:41.289 [info] [Model][doInitialScan] Initial repository scan started
2025-07-12 10:32:41.289 [info] > git rev-parse --show-toplevel [8ms]
2025-07-12 10:32:41.289 [info] fatal: not a git repository (or any parent up to mount point /)
Stopping at filesystem boundary (GIT_DISCOVERY_ACROSS_FILESYSTEM not set).
2025-07-12 10:32:41.289 [info] > git rev-parse --show-toplevel [30ms]
2025-07-12 10:32:41.289 [info] fatal: not a git repository (or any parent up to mount point /)
Stopping at filesystem boundary (GIT_DISCOVERY_ACROSS_FILESYSTEM not set).
2025-07-12 10:32:41.290 [info] > git rev-parse --show-toplevel [1ms]
2025-07-12 10:32:41.290 [info] fatal: not a git repository (or any parent up to mount point /)
Stopping at filesystem boundary (GIT_DISCOVERY_ACROSS_FILESYSTEM not set).
2025-07-12 10:32:41.295 [info] [Model][doInitialScan] Initial repository scan completed - repositories (0), closed repositories (0), parent repositories (0), unsafe repositories (0)
2025-07-12 10:32:41.302 [info] > git rev-parse --show-toplevel [2ms]
2025-07-12 10:32:41.302 [info] fatal: not a git repository (or any parent up to mount point /)
Stopping at filesystem boundary (GIT_DISCOVERY_ACROSS_FILESYSTEM not set).
2025-07-12 10:32:41.373 [info] > git rev-parse --show-toplevel [1ms]
2025-07-12 10:32:41.373 [info] fatal: not a git repository (or any parent up to mount point /)
Stopping at filesystem boundary (GIT_DISCOVERY_ACROSS_FILESYSTEM not set).
2025-07-12 10:32:42.278 [info] > git rev-parse --show-toplevel [1ms]
2025-07-12 10:32:42.278 [info] fatal: not a git repository (or any parent up to mount point /)
Stopping at filesystem boundary (GIT_DISCOVERY_ACROSS_FILESYSTEM not set).
2025-07-12 10:32:43.335 [info] > git rev-parse --show-toplevel [1ms]
2025-07-12 10:32:43.335 [info] fatal: not a git repository (or any parent up to mount point /)
Stopping at filesystem boundary (GIT_DISCOVERY_ACROSS_FILESYSTEM not set).
