2025-07-12 10:32:53.494 [info] Extension host with pid 1689 started
2025-07-12 10:32:53.537 [info] ExtensionService#_doActivateExtension vscode.github-authentication, startup: false, activationEvent: 'onAuthenticationRequest:github'
2025-07-12 10:32:53.592 [info] ExtensionService#_doActivateExtension vscode.git-base, startup: true, activationEvent: '*', root cause: vscode.git
2025-07-12 10:32:53.606 [info] ExtensionService#_doActivateExtension vscode.git, startup: true, activationEvent: '*'
2025-07-12 10:32:53.669 [info] ExtensionService#_doActivateExtension vscode.github, startup: true, activationEvent: '*'
2025-07-12 10:32:53.775 [info] Eager extensions activated
2025-07-12 10:32:53.810 [info] ExtensionService#_doActivateExtension vscode.debug-auto-launch, startup: false, activationEvent: 'onStartupFinished'
2025-07-12 10:32:53.812 [info] ExtensionService#_doActivateExtension vscode.merge-conflict, startup: false, activationEvent: 'onStartupFinished'
2025-07-12 10:33:16.409 [info] Extension host terminating: renderer closed the MessagePort
2025-07-12 10:33:16.421 [info] Extension host with pid 1689 exiting with code 0
2025-07-12 10:33:17.383 [info] Extension host with pid 1766 started
2025-07-12 10:33:17.384 [info] Skipping acquiring lock for /home/sebkyle/.config/Code/User/workspaceStorage/49fc8497484352efc73391e8f48efc89.
2025-07-12 10:33:17.410 [info] ExtensionService#_doActivateExtension vscode.github-authentication, startup: false, activationEvent: 'onAuthenticationRequest:github'
2025-07-12 10:33:17.513 [info] ExtensionService#_doActivateExtension vscode.git-base, startup: true, activationEvent: '*'
2025-07-12 10:33:17.578 [info] ExtensionService#_doActivateExtension vscode.github, startup: true, activationEvent: '*'
2025-07-12 10:33:17.616 [info] Eager extensions activated
2025-07-12 10:33:17.616 [info] ExtensionService#_doActivateExtension vscode.debug-auto-launch, startup: false, activationEvent: 'onStartupFinished'
2025-07-12 10:33:17.618 [info] ExtensionService#_doActivateExtension vscode.merge-conflict, startup: false, activationEvent: 'onStartupFinished'
2025-07-12 10:33:18.595 [info] ExtensionService#_doActivateExtension vscode.git, startup: false, activationEvent: 'api', root cause: vscode.github
2025-07-12 10:33:30.789 [info] ExtensionService#_doActivateExtension vscode.emmet, startup: false, activationEvent: 'onLanguage'
2025-07-12 11:06:42.972 [info] ExtensionService#_doActivateExtension vscode.debug-server-ready, startup: false, activationEvent: 'onDebugResolve'
2025-07-12 11:41:29.765 [info] ExtensionService#_doActivateExtension ms-python.python, startup: false, activationEvent: 'onLanguage:python'
2025-07-12 11:41:30.383 [info] ExtensionService#_doActivateExtension ms-python.vscode-pylance, startup: false, activationEvent: 'onLanguage:python'
2025-07-12 11:45:13.599 [info] Extension host terminating: renderer closed the MessagePort
2025-07-12 11:45:13.627 [info] Extension host with pid 1766 exiting with code 0
