2025-06-07 15:11:47.084 [info] Extension host with pid 43770 started
2025-06-07 15:11:47.105 [info] ExtensionService#_doActivateExtension vscode.github-authentication, startup: false, activationEvent: 'onAuthenticationRequest:github'
2025-06-07 15:11:47.244 [info] ExtensionService#_doActivateExtension vscode.git-base, startup: true, activationEvent: '*', root cause: vscode.git
2025-06-07 15:11:47.268 [info] ExtensionService#_doActivateExtension vscode.git, startup: true, activationEvent: '*'
2025-06-07 15:11:47.340 [info] ExtensionService#_doActivateExtension vscode.github, startup: true, activationEvent: '*'
2025-06-07 15:11:47.428 [info] Eager extensions activated
2025-06-07 15:11:47.436 [info] ExtensionService#_doActivateExtension vscode.debug-auto-launch, startup: false, activationEvent: 'onStartupFinished'
2025-06-07 15:11:47.438 [info] ExtensionService#_doActivateExtension vscode.merge-conflict, startup: false, activationEvent: 'onStartupFinished'
2025-06-07 15:12:38.192 [info] Extension host terminating: renderer closed the MessagePort
2025-06-07 15:12:38.204 [info] Extension host with pid 43770 exiting with code 0
2025-06-07 15:12:39.212 [info] Extension host with pid 43876 started
2025-06-07 15:12:39.212 [info] Skipping acquiring lock for /home/sebkyle/.config/Code/User/workspaceStorage/8395f3e03e1cdeb1103b7bb4261ca054.
2025-06-07 15:12:39.249 [info] ExtensionService#_doActivateExtension vscode.github-authentication, startup: false, activationEvent: 'onAuthenticationRequest:github'
2025-06-07 15:12:39.276 [info] ExtensionService#_doActivateExtension vscode.emmet, startup: false, activationEvent: 'onLanguage'
2025-06-07 15:12:39.341 [info] ExtensionService#_doActivateExtension vscode.git-base, startup: true, activationEvent: '*', root cause: vscode.git
2025-06-07 15:12:39.345 [info] ExtensionService#_doActivateExtension vscode.git, startup: true, activationEvent: '*'
2025-06-07 15:12:39.429 [info] ExtensionService#_doActivateExtension vscode.github, startup: true, activationEvent: '*'
2025-06-07 15:12:39.521 [info] Eager extensions activated
2025-06-07 15:12:39.545 [info] ExtensionService#_doActivateExtension vscode.debug-auto-launch, startup: false, activationEvent: 'onStartupFinished'
2025-06-07 15:12:39.547 [info] ExtensionService#_doActivateExtension vscode.merge-conflict, startup: false, activationEvent: 'onStartupFinished'
