2025-09-09 09:24:38.519 [info] (Client) Pylance async client (2025.4.1) started with python extension (2025.10.0)
2025-09-09 09:24:39.128 [info] [Info  - 9:24:39 AM] (1447) Server root directory: file:///home/sebkyle/.vscode/extensions/ms-python.vscode-pylance-2025.4.1/dist
2025-09-09 09:24:39.128 [info] [Info  - 9:24:39 AM] (1447) Pylance language server 2025.4.1 (pyright version 1.1.398, commit 4f24eccc) starting
2025-09-09 09:24:39.128 [info] [Info  - 9:24:39 AM] (1447) Starting service instance "drill" for workspace "/home/sebkyle/drill"
2025-09-09 09:24:39.176 [info] [Info  - 9:24:39 AM] (1447) Setting environmentName for service "drill": "3.13.2 (global)"
2025-09-09 09:24:39.176 [info] [Info  - 9:24:39 AM] (1447) Setting pythonPath for service "drill": "/bin/python"
2025-09-09 09:24:39.177 [info] [Info  - 9:24:39 AM] (1447) No include entries specified; assuming /home/sebkyle/drill
2025-09-09 09:24:39.177 [info] [Info  - 9:24:39 AM] (1447) Auto-excluding **/node_modules
2025-09-09 09:24:39.177 [info] [Info  - 9:24:39 AM] (1447) Auto-excluding **/__pycache__
2025-09-09 09:24:39.178 [info] [Info  - 9:24:39 AM] (1447) Auto-excluding **/.*
2025-09-09 09:24:39.280 [info] [Info  - 9:24:39 AM] (1447) Assuming Python version 3.13.2.final.0
2025-09-09 09:24:39.464 [info] [Info  - 9:24:39 AM] (1447) Found 2 source files
2025-09-09 09:24:39.485 [info] [Info  - 9:24:39 AM] (1447) Setting environmentName for service "drill": "3.13.2 (global)"
2025-09-09 09:24:39.485 [info] [Info  - 9:24:39 AM] (1447) Setting pythonPath for service "drill": "/bin/python"
2025-09-09 09:24:39.485 [info] [Info  - 9:24:39 AM] (1447) No include entries specified; assuming /home/sebkyle/drill
2025-09-09 09:24:39.486 [info] [Info  - 9:24:39 AM] (1447) Auto-excluding **/node_modules
2025-09-09 09:24:39.486 [info] [Info  - 9:24:39 AM] (1447) Auto-excluding **/__pycache__
2025-09-09 09:24:39.486 [info] [Info  - 9:24:39 AM] (1447) Auto-excluding **/.*
2025-09-09 09:24:39.512 [info] [Info  - 9:24:39 AM] (1447) Assuming Python version 3.13.2.final.0
2025-09-09 09:24:39.563 [info] [Info  - 9:24:39 AM] (1447) Found 2 source files
2025-09-09 09:24:39.939 [info] [Info  - 9:24:39 AM] (1447) BG: Priority queue background worker(2) root directory: file:///home/sebkyle/.vscode/extensions/ms-python.vscode-pylance-2025.4.1/dist
2025-09-09 09:24:39.939 [info] [Info  - 9:24:39 AM] (1447) BG: Priority queue background worker(2) started
2025-09-09 09:24:42.571 [info] [Info  - 9:24:42 AM] (1447) BG: Indexer background runner(3) root directory: file:///home/sebkyle/.vscode/extensions/ms-python.vscode-pylance-2025.4.1/dist (index)
2025-09-09 09:24:42.571 [info] [Info  - 9:24:42 AM] (1447) BG: Indexing(3) started
2025-09-09 09:24:43.124 [info] [Info  - 9:24:43 AM] (1447) BG: scanned(3) 29 files over 1 exec env
2025-09-09 09:24:43.294 [info] [Info  - 9:24:43 AM] (1447) BG: indexed(3) 29 files over 1 exec env
2025-09-09 09:24:43.308 [info] [Info  - 9:24:43 AM] (1447) BG: Indexing finished(3).
