2025-07-20 13:35:52.178 [info] [main] Log level: Info
2025-07-20 13:35:52.178 [info] [main] Validating found git in: "git"
2025-07-20 13:35:52.178 [info] [main] Using git "2.48.1" from "git"
2025-07-20 13:35:52.178 [info] [Model][doInitialScan] Initial repository scan started
2025-07-20 13:35:52.178 [info] > git rev-parse --show-toplevel [6ms]
2025-07-20 13:35:52.178 [info] fatal: not a git repository (or any parent up to mount point /)
Stopping at filesystem boundary (GIT_DISCOVERY_ACROSS_FILESYSTEM not set).
2025-07-20 13:35:52.178 [info] > git rev-parse --show-toplevel [21ms]
2025-07-20 13:35:52.178 [info] fatal: not a git repository (or any parent up to mount point /)
Stopping at filesystem boundary (GIT_DISCOVERY_ACROSS_FILESYSTEM not set).
2025-07-20 13:35:52.178 [info] [Model][doInitialScan] Initial repository scan completed - repositories (0), closed repositories (0), parent repositories (0), unsafe repositories (0)
2025-07-20 13:35:52.517 [info] > git rev-parse --show-toplevel [2ms]
2025-07-20 13:35:52.517 [info] fatal: not a git repository (or any parent up to mount point /)
Stopping at filesystem boundary (GIT_DISCOVERY_ACROSS_FILESYSTEM not set).
2025-07-20 13:35:53.575 [info] > git rev-parse --show-toplevel [1ms]
2025-07-20 13:35:53.575 [info] fatal: not a git repository (or any parent up to mount point /)
Stopping at filesystem boundary (GIT_DISCOVERY_ACROSS_FILESYSTEM not set).
2025-07-20 13:40:00.645 [info] > git rev-parse --show-toplevel [2ms]
2025-07-20 13:40:00.645 [info] fatal: not a git repository (or any parent up to mount point /)
Stopping at filesystem boundary (GIT_DISCOVERY_ACROSS_FILESYSTEM not set).
